R version 3.6.3 (2020-02-29) -- "Holding the Windsock"
Copyright (C) 2020 The R Foundation for Statistical Computing
Platform: x86_64-w64-mingw32/x64 (64-bit)

R은 자유 소프트웨어이며, 어떠한 형태의 보증없이 배포됩니다.
또한, 일정한 조건하에서 이것을 재배포 할 수 있습니다.
배포와 관련된 상세한 내용은 'license()' 또는 'licence()'을 통하여 확인할 수 있습니다.

R은 많은 기여자들이 참여하는 공동프로젝트입니다.
'contributors()'라고 입력하시면 이에 대한 더 많은 정보를 확인하실 수 있습니다.
그리고, R 또는 R 패키지들을 출판물에 인용하는 방법에 대해서는 'citation()'을 통해 확인하시길 부탁드립니다.

'demo()'를 입력하신다면 몇가지 데모를 보실 수 있으며, 'help()'를 입력하시면 온라인 도움말을 이용하실 수 있습니다.
또한, 'help.start()'의 입력을 통하여 HTML 브라우저에 의한 도움말을 사용하실수 있습니다
R의 종료를 원하시면 'q()'을 입력해주세요.

> install.packages("https://cran.rstudio.com/bin/windows/contrib/3.4/KoNLP_0.80.1.zip", repos = NULL)
WARNING: Rtools is required to build R packages but is not currently installed. Please download and install the appropriate version of Rtools before proceeding:

https://cran.rstudio.com/bin/windows/Rtools/
Warning in install.packages :
  'lib = "C:/Program Files/R/R-3.6.3/library"' is not writable
Warning in install.packages :
  디렉토리 'C:\Users\becet\OneDrive\??'를 만들 수 없습니다. 그 이유는 'Invalid argument'입니다. 
Error in install.packages : unable to create ‘C:/Users/becet/OneDrive/??/R/win-library/3.6’
> .libPaths("c:/workspace/rlib")
> install.packages("https://cran.rstudio.com/bin/windows/contrib/3.4/KoNLP_0.80.1.zip", repos = NULL)
WARNING: Rtools is required to build R packages but is not currently installed. Please download and install the appropriate version of Rtools before proceeding:

https://cran.rstudio.com/bin/windows/Rtools/
Installing package into ‘c:/workspace/rlib’
(as ‘lib’ is unspecified)
URL 'https://cran.rstudio.com/bin/windows/contrib/3.4/KoNLP_0.80.1.zip'을 시도합니다
Content type 'application/zip' length 5867237 bytes (5.6 MB)
downloaded 5.6 MB

package ‘KoNLP’ successfully unpacked and MD5 sums checked
> install.packages("Sejong")
WARNING: Rtools is required to build R packages but is not currently installed. Please download and install the appropriate version of Rtools before proceeding:

https://cran.rstudio.com/bin/windows/Rtools/
Installing package into ‘c:/workspace/rlib’
(as ‘lib’ is unspecified)
URL 'https://cran.rstudio.com/bin/windows/contrib/3.6/Sejong_0.01.zip'을 시도합니다
Content type 'application/zip' length 1617819 bytes (1.5 MB)
downloaded 1.5 MB

package ‘Sejong’ successfully unpacked and MD5 sums checked

The downloaded binary packages are in
	C:\Users\becet\AppData\Local\Temp\RtmpGMmmyH\downloaded_packages
> install.packages("wordcloud")
WARNING: Rtools is required to build R packages but is not currently installed. Please download and install the appropriate version of Rtools before proceeding:

https://cran.rstudio.com/bin/windows/Rtools/
Installing package into ‘c:/workspace/rlib’
(as ‘lib’ is unspecified)
URL 'https://cran.rstudio.com/bin/windows/contrib/3.6/wordcloud_2.6.zip'을 시도합니다
Content type 'application/zip' length 599293 bytes (585 KB)
downloaded 585 KB

package ‘wordcloud’ successfully unpacked and MD5 sums checked

The downloaded binary packages are in
	C:\Users\becet\AppData\Local\Temp\RtmpGMmmyH\downloaded_packages
> install.packages("tm")
WARNING: Rtools is required to build R packages but is not currently installed. Please download and install the appropriate version of Rtools before proceeding:

https://cran.rstudio.com/bin/windows/Rtools/
Installing package into ‘c:/workspace/rlib’
(as ‘lib’ is unspecified)
also installing the dependencies ‘NLP’, ‘slam’, ‘xml2’, ‘BH’


  There is a binary version available but the source version
  is later:
   binary source needs_compilation
tm  0.7-7  0.7-8              TRUE

  Binaries will be installed
URL 'https://cran.rstudio.com/bin/windows/contrib/3.6/NLP_0.2-1.zip'을 시도합니다
Content type 'application/zip' length 390949 bytes (381 KB)
downloaded 381 KB

URL 'https://cran.rstudio.com/bin/windows/contrib/3.6/slam_0.1-47.zip'을 시도합니다
Content type 'application/zip' length 211121 bytes (206 KB)
downloaded 206 KB

URL 'https://cran.rstudio.com/bin/windows/contrib/3.6/xml2_1.3.2.zip'을 시도합니다
Content type 'application/zip' length 3178166 bytes (3.0 MB)
downloaded 3.0 MB

URL 'https://cran.rstudio.com/bin/windows/contrib/3.6/BH_1.72.0-3.zip'을 시도합니다
Content type 'application/zip' length 18270741 bytes (17.4 MB)
downloaded 17.4 MB

URL 'https://cran.rstudio.com/bin/windows/contrib/3.6/tm_0.7-7.zip'을 시도합니다
Content type 'application/zip' length 1370369 bytes (1.3 MB)
downloaded 1.3 MB

package ‘NLP’ successfully unpacked and MD5 sums checked
package ‘slam’ successfully unpacked and MD5 sums checked
package ‘xml2’ successfully unpacked and MD5 sums checked
package ‘BH’ successfully unpacked and MD5 sums checked
package ‘tm’ successfully unpacked and MD5 sums checked

The downloaded binary packages are in
	C:\Users\becet\AppData\Local\Temp\RtmpGMmmyH\downloaded_packages
> install.packages("hash")
WARNING: Rtools is required to build R packages but is not currently installed. Please download and install the appropriate version of Rtools before proceeding:

https://cran.rstudio.com/bin/windows/Rtools/
Installing package into ‘c:/workspace/rlib’
(as ‘lib’ is unspecified)
URL 'https://cran.rstudio.com/bin/windows/contrib/3.6/hash_2.2.6.1.zip'을 시도합니다
Content type 'application/zip' length 126228 bytes (123 KB)
downloaded 123 KB

package ‘hash’ successfully unpacked and MD5 sums checked

The downloaded binary packages are in
	C:\Users\becet\AppData\Local\Temp\RtmpGMmmyH\downloaded_packages
> install.packages("tau")
WARNING: Rtools is required to build R packages but is not currently installed. Please download and install the appropriate version of Rtools before proceeding:

https://cran.rstudio.com/bin/windows/Rtools/
Installing package into ‘c:/workspace/rlib’
(as ‘lib’ is unspecified)
URL 'https://cran.rstudio.com/bin/windows/contrib/3.6/tau_0.0-21.zip'을 시도합니다
Content type 'application/zip' length 190037 bytes (185 KB)
downloaded 185 KB

package ‘tau’ successfully unpacked and MD5 sums checked

The downloaded binary packages are in
	C:\Users\becet\AppData\Local\Temp\RtmpGMmmyH\downloaded_packages
> install.packages("RSQLite")
WARNING: Rtools is required to build R packages but is not currently installed. Please download and install the appropriate version of Rtools before proceeding:

https://cran.rstudio.com/bin/windows/Rtools/
Installing package into ‘c:/workspace/rlib’
(as ‘lib’ is unspecified)
also installing the dependencies ‘bit’, ‘bit64’, ‘blob’, ‘DBI’, ‘memoise’, ‘plogr’

URL 'https://cran.rstudio.com/bin/windows/contrib/3.6/bit_4.0.4.zip'을 시도합니다
Content type 'application/zip' length 641611 bytes (626 KB)
downloaded 626 KB

URL 'https://cran.rstudio.com/bin/windows/contrib/3.6/bit64_4.0.5.zip'을 시도합니다
Content type 'application/zip' length 573686 bytes (560 KB)
downloaded 560 KB

URL 'https://cran.rstudio.com/bin/windows/contrib/3.6/blob_1.2.1.zip'을 시도합니다
Content type 'application/zip' length 47713 bytes (46 KB)
downloaded 46 KB

URL 'https://cran.rstudio.com/bin/windows/contrib/3.6/DBI_1.1.0.zip'을 시도합니다
Content type 'application/zip' length 607280 bytes (593 KB)
downloaded 593 KB

URL 'https://cran.rstudio.com/bin/windows/contrib/3.6/memoise_1.1.0.zip'을 시도합니다
Content type 'application/zip' length 36763 bytes (35 KB)
downloaded 35 KB

URL 'https://cran.rstudio.com/bin/windows/contrib/3.6/plogr_0.2.0.zip'을 시도합니다
Content type 'application/zip' length 18851 bytes (18 KB)
downloaded 18 KB

URL 'https://cran.rstudio.com/bin/windows/contrib/3.6/RSQLite_2.2.1.zip'을 시도합니다
Content type 'application/zip' length 2313241 bytes (2.2 MB)
downloaded 2.2 MB

package ‘bit’ successfully unpacked and MD5 sums checked
package ‘bit64’ successfully unpacked and MD5 sums checked
package ‘blob’ successfully unpacked and MD5 sums checked
package ‘DBI’ successfully unpacked and MD5 sums checked
package ‘memoise’ successfully unpacked and MD5 sums checked
package ‘plogr’ successfully unpacked and MD5 sums checked
package ‘RSQLite’ successfully unpacked and MD5 sums checked

The downloaded binary packages are in
	C:\Users\becet\AppData\Local\Temp\RtmpGMmmyH\downloaded_packages
> install.packages("rJava")
WARNING: Rtools is required to build R packages but is not currently installed. Please download and install the appropriate version of Rtools before proceeding:

https://cran.rstudio.com/bin/windows/Rtools/
Installing package into ‘c:/workspace/rlib’
(as ‘lib’ is unspecified)

  There is a binary version available but the source version
  is later:
      binary source needs_compilation
rJava 0.9-12 0.9-13              TRUE

  Binaries will be installed
URL 'https://cran.rstudio.com/bin/windows/contrib/3.6/rJava_0.9-12.zip'을 시도합니다
Content type 'application/zip' length 1214816 bytes (1.2 MB)
downloaded 1.2 MB

package ‘rJava’ successfully unpacked and MD5 sums checked

The downloaded binary packages are in
	C:\Users\becet\AppData\Local\Temp\RtmpGMmmyH\downloaded_packages
> install.packages("devtools")
WARNING: Rtools is required to build R packages but is not currently installed. Please download and install the appropriate version of Rtools before proceeding:

https://cran.rstudio.com/bin/windows/Rtools/
Installing package into ‘c:/workspace/rlib’
(as ‘lib’ is unspecified)
also installing the dependencies ‘ini’, ‘lazyeval’, ‘base64enc’, ‘later’, ‘highr’, ‘markdown’, ‘clipr’, ‘fs’, ‘gh’, ‘git2r’, ‘whisker’, ‘yaml’, ‘rex’, ‘htmltools’, ‘htmlwidgets’, ‘crosstalk’, ‘promises’, ‘xopen’, ‘brew’, ‘commonmark’, ‘knitr’, ‘usethis’, ‘covr’, ‘DT’, ‘rcmdcheck’, ‘remotes’, ‘roxygen2’, ‘rversions’, ‘sessioninfo’

URL 'https://cran.rstudio.com/bin/windows/contrib/3.6/ini_0.3.1.zip'을 시도합니다
Content type 'application/zip' length 15701 bytes (15 KB)
downloaded 15 KB

URL 'https://cran.rstudio.com/bin/windows/contrib/3.6/lazyeval_0.2.2.zip'을 시도합니다
Content type 'application/zip' length 172611 bytes (168 KB)
downloaded 168 KB

URL 'https://cran.rstudio.com/bin/windows/contrib/3.6/base64enc_0.1-3.zip'을 시도합니다
Content type 'application/zip' length 43488 bytes (42 KB)
downloaded 42 KB

URL 'https://cran.rstudio.com/bin/windows/contrib/3.6/later_1.1.0.1.zip'을 시도합니다
Content type 'application/zip' length 685525 bytes (669 KB)
downloaded 669 KB

URL 'https://cran.rstudio.com/bin/windows/contrib/3.6/highr_0.8.zip'을 시도합니다
Content type 'application/zip' length 48709 bytes (47 KB)
downloaded 47 KB

URL 'https://cran.rstudio.com/bin/windows/contrib/3.6/markdown_1.1.zip'을 시도합니다
Content type 'application/zip' length 190036 bytes (185 KB)
downloaded 185 KB

URL 'https://cran.rstudio.com/bin/windows/contrib/3.6/clipr_0.7.1.zip'을 시도합니다
Content type 'application/zip' length 52634 bytes (51 KB)
downloaded 51 KB

URL 'https://cran.rstudio.com/bin/windows/contrib/3.6/fs_1.5.0.zip'을 시도합니다
Content type 'application/zip' length 810447 bytes (791 KB)
downloaded 791 KB

URL 'https://cran.rstudio.com/bin/windows/contrib/3.6/gh_1.1.0.zip'을 시도합니다
Content type 'application/zip' length 110701 bytes (108 KB)
downloaded 108 KB

URL 'https://cran.rstudio.com/bin/windows/contrib/3.6/git2r_0.27.1.zip'을 시도합니다
Content type 'application/zip' length 3684780 bytes (3.5 MB)
downloaded 3.5 MB

URL 'https://cran.rstudio.com/bin/windows/contrib/3.6/whisker_0.4.zip'을 시도합니다
Content type 'application/zip' length 83242 bytes (81 KB)
downloaded 81 KB

URL 'https://cran.rstudio.com/bin/windows/contrib/3.6/yaml_2.2.1.zip'을 시도합니다
Content type 'application/zip' length 206516 bytes (201 KB)
downloaded 201 KB

URL 'https://cran.rstudio.com/bin/windows/contrib/3.6/rex_1.2.0.zip'을 시도합니다
Content type 'application/zip' length 125469 bytes (122 KB)
downloaded 122 KB

URL 'https://cran.rstudio.com/bin/windows/contrib/3.6/htmltools_0.5.0.zip'을 시도합니다
Content type 'application/zip' length 232782 bytes (227 KB)
downloaded 227 KB

URL 'https://cran.rstudio.com/bin/windows/contrib/3.6/htmlwidgets_1.5.2.zip'을 시도합니다
Content type 'application/zip' length 269821 bytes (263 KB)
downloaded 263 KB

URL 'https://cran.rstudio.com/bin/windows/contrib/3.6/crosstalk_1.1.0.1.zip'을 시도합니다
Content type 'application/zip' length 778307 bytes (760 KB)
downloaded 760 KB

URL 'https://cran.rstudio.com/bin/windows/contrib/3.6/promises_1.1.1.zip'을 시도합니다
Content type 'application/zip' length 1785182 bytes (1.7 MB)
downloaded 1.7 MB

URL 'https://cran.rstudio.com/bin/windows/contrib/3.6/xopen_1.0.0.zip'을 시도합니다
Content type 'application/zip' length 24687 bytes (24 KB)
downloaded 24 KB

URL 'https://cran.rstudio.com/bin/windows/contrib/3.6/brew_1.0-6.zip'을 시도합니다
Content type 'application/zip' length 113871 bytes (111 KB)
downloaded 111 KB

URL 'https://cran.rstudio.com/bin/windows/contrib/3.6/commonmark_1.7.zip'을 시도합니다
Content type 'application/zip' length 265807 bytes (259 KB)
downloaded 259 KB

URL 'https://cran.rstudio.com/bin/windows/contrib/3.6/knitr_1.30.zip'을 시도합니다
Content type 'application/zip' length 1443940 bytes (1.4 MB)
downloaded 1.4 MB

URL 'https://cran.rstudio.com/bin/windows/contrib/3.6/usethis_1.6.3.zip'을 시도합니다
Content type 'application/zip' length 603819 bytes (589 KB)
downloaded 589 KB

URL 'https://cran.rstudio.com/bin/windows/contrib/3.6/covr_3.5.1.zip'을 시도합니다
Content type 'application/zip' length 306015 bytes (298 KB)
downloaded 298 KB

URL 'https://cran.rstudio.com/bin/windows/contrib/3.6/DT_0.16.zip'을 시도합니다
Content type 'application/zip' length 1749846 bytes (1.7 MB)
downloaded 1.7 MB

URL 'https://cran.rstudio.com/bin/windows/contrib/3.6/rcmdcheck_1.3.3.zip'을 시도합니다
Content type 'application/zip' length 135373 bytes (132 KB)
downloaded 132 KB

URL 'https://cran.rstudio.com/bin/windows/contrib/3.6/remotes_2.2.0.zip'을 시도합니다
Content type 'application/zip' length 388686 bytes (379 KB)
downloaded 379 KB

URL 'https://cran.rstudio.com/bin/windows/contrib/3.6/roxygen2_7.1.1.zip'을 시도합니다
Content type 'application/zip' length 1175699 bytes (1.1 MB)
downloaded 1.1 MB

URL 'https://cran.rstudio.com/bin/windows/contrib/3.6/rversions_2.0.2.zip'을 시도합니다
Content type 'application/zip' length 68754 bytes (67 KB)
downloaded 67 KB

URL 'https://cran.rstudio.com/bin/windows/contrib/3.6/sessioninfo_1.1.1.zip'을 시도합니다
Content type 'application/zip' length 46936 bytes (45 KB)
downloaded 45 KB

URL 'https://cran.rstudio.com/bin/windows/contrib/3.6/devtools_2.3.2.zip'을 시도합니다
Content type 'application/zip' length 339840 bytes (331 KB)
downloaded 331 KB

package ‘ini’ successfully unpacked and MD5 sums checked
package ‘lazyeval’ successfully unpacked and MD5 sums checked
package ‘base64enc’ successfully unpacked and MD5 sums checked
package ‘later’ successfully unpacked and MD5 sums checked
package ‘highr’ successfully unpacked and MD5 sums checked
package ‘markdown’ successfully unpacked and MD5 sums checked
package ‘clipr’ successfully unpacked and MD5 sums checked
package ‘fs’ successfully unpacked and MD5 sums checked
package ‘gh’ successfully unpacked and MD5 sums checked
package ‘git2r’ successfully unpacked and MD5 sums checked
package ‘whisker’ successfully unpacked and MD5 sums checked
package ‘yaml’ successfully unpacked and MD5 sums checked
package ‘rex’ successfully unpacked and MD5 sums checked
package ‘htmltools’ successfully unpacked and MD5 sums checked
package ‘htmlwidgets’ successfully unpacked and MD5 sums checked
package ‘crosstalk’ successfully unpacked and MD5 sums checked
package ‘promises’ successfully unpacked and MD5 sums checked
package ‘xopen’ successfully unpacked and MD5 sums checked
package ‘brew’ successfully unpacked and MD5 sums checked
package ‘commonmark’ successfully unpacked and MD5 sums checked
package ‘knitr’ successfully unpacked and MD5 sums checked
package ‘usethis’ successfully unpacked and MD5 sums checked
package ‘covr’ successfully unpacked and MD5 sums checked
package ‘DT’ successfully unpacked and MD5 sums checked
package ‘rcmdcheck’ successfully unpacked and MD5 sums checked
package ‘remotes’ successfully unpacked and MD5 sums checked
package ‘roxygen2’ successfully unpacked and MD5 sums checked
package ‘rversions’ successfully unpacked and MD5 sums checked
package ‘sessioninfo’ successfully unpacked and MD5 sums checked
package ‘devtools’ successfully unpacked and MD5 sums checked

The downloaded binary packages are in
	C:\Users\becet\AppData\Local\Temp\RtmpGMmmyH\downloaded_packages
> 
